android.permission.ACCESS_CHECKIN_PROPERTIES
android.permission.ACCOUNT_MANAGER
android.permission.BATTERY_STATS
android.permission.BIND_APPWIDGET
android.permission.BIND_CALL_REDIRECTION_SERVICE
android.permission.BIND_CARRIER_SERVICES
android.permission.BIND_INCALL_SERVICE
android.permission.BIND_REMOTEVIEWS
android.permission.BIND_SCREENING_SERVICE
android.permission.BIND_TELECOM_CONNECTION_SERVICE
android.permission.BIND_TV_INPUT
android.permission.BIND_VISUAL_VOICEMAIL_SERVICE
android.permission.BIND_WALLPAPER
android.permission.BLUETOOTH_PRIVILEGED
android.permission.BROADCAST_PACKAGE_REMOVED
android.permission.BROADCAST_SMS
android.permission.BROADCAST_WAP_PUSH
android.permission.CALL_PRIVILEGED
android.permission.CAPTURE_AUDIO_OUTPUT
android.permission.CHANGE_COMPONENT_ENABLED_STATE
android.permission.CHANGE_CONFIGURATION
android.permission.CLEAR_APP_CACHE
android.permission.CONTROL_LOCATION_UPDATES
android.permission.DELETE_CACHE_FILES
android.permission.DELETE_PACKAGES
android.permission.DIAGNOSTIC
android.permission.DUMP
android.permission.FACTORY_TEST
android.permission.FAKE_PACKAGE_SIGNATURE
android.permission.GET_ACCOUNTS_PRIVILEGED
android.permission.GLOBAL_SEARCH
android.permission.INSTALL_LOCATION_PROVIDER
android.permission.INSTALL_PACKAGES
android.permission.LOADER_USAGE_STATS
android.permission.LOCATION_HARDWARE
android.permission.MASTER_CLEAR
android.permission.MEDIA_CONTENT_CONTROL
android.permission.MODIFY_PHONE_STATE
android.permission.MOUNT_FORMAT_FILESYSTEMS
android.permission.MOUNT_UNMOUNT_FILESYSTEMS
android.permission.PACKAGE_USAGE_STATS
android.permission.READ_INPUT_STATE
android.permission.READ_LOGS
android.permission.REBOOT
android.permission.SEND_RESPOND_VIA_MESSAGE
android.permission.SET_ALWAYS_FINISH
android.permission.SET_ANIMATION_SCALE
android.permission.SET_DEBUG_APP
android.permission.SET_PROCESS_LIMIT
android.permission.SET_TIME
android.permission.SET_TIME_ZONE
android.permission.SIGNAL_PERSISTENT_PROCESSES
android.permission.STATUS_BAR
android.permission.UPDATE_DEVICE_STATS
android.permission.USE_INSTALLER_V2
android.permission.WRITE_APN_SETTINGS
android.permission.WRITE_GSERVICES
android.permission.WRITE_SECURE_SETTINGS
